[92mINFO [0m:      Starting Flower SuperNode
[92mINFO [0m:      Flower Deployment Runtime: Starting ClientAppIo API on 0.0.0.0:9094
[92mINFO [0m:      SuperNode ID: 15661125084506612023
[92mINFO [0m:      Starting Flower SuperExec
[92mINFO [0m:      
[92mINFO [0m:      [RUN 15994887216917386584, ROUND 6]
[92mINFO [0m:      Receiving: train message (ID: 05a17b9be7b0aa54dd721c12321a2ee54ca71f42003ed47663dfa90a13a2fa0b)
[92mINFO [0m:      Received successfully
[92mINFO [0m:      Start `flwr-clientapp` process
[FACTORY] Validação falhou: Erro de conexão: Can't load plugin: sqlalchemy.dialects:postgres
[91mERROR [0m:     ClientApp raised an exception
Traceback (most recent call last):
  File "/home/jacabreu/studies/usp/tcc/mosaic-fl/.venv/lib/python3.12/site-packages/flwr/supernode/runtime/run_clientapp.py", line 173, in run_clientapp
    reply_message = client_app(message=message, context=context)
                    ^^^^^^^^^^^^^^^^^^^^^^^^^^^^^^^^^^^^^^^^^^^^
  File "/home/jacabreu/studies/usp/tcc/mosaic-fl/.venv/lib/python3.12/site-packages/flwr/clientapp/client_app.py", line 144, in __call__
    return self._call(message, context)
           ^^^^^^^^^^^^^^^^^^^^^^^^^^^^
  File "/home/jacabreu/studies/usp/tcc/mosaic-fl/.venv/lib/python3.12/site-packages/flwr/clientapp/client_app.py", line 128, in ffn
    out_message = handle_legacy_message_from_msgtype(
                  ^^^^^^^^^^^^^^^^^^^^^^^^^^^^^^^^^^^
  File "/home/jacabreu/studies/usp/tcc/mosaic-fl/.venv/lib/python3.12/site-packages/flwr/client/message_handler/message_handler.py", line 97, in handle_legacy_message_from_msgtype
    client = client_fn(context)
             ^^^^^^^^^^^^^^^^^^
  File "/home/jacabreu/.flwr/apps/mosaic-fl.mosaicfl.0.2.0.ec749db3/infrastructure/mosaicfl_client/runner/supernode.py", line 47, in _client_fn
    source = DataSourceFactory.create(data_source_type, hospital_id=hospital_id)
             ^^^^^^^^^^^^^^^^^^^^^^^^^^^^^^^^^^^^^^^^^^^^^^^^^^^^^^^^^^^^^^^^^^^
  File "/home/jacabreu/.flwr/apps/mosaic-fl.mosaicfl.0.2.0.ec749db3/infrastructure/mosaicfl_client/datasource/factory.py", line 53, in create
    raise RuntimeError(f"Fonte de dados inválida: {msg}")
RuntimeError: Fonte de dados inválida: Erro de conexão: Can't load plugin: sqlalchemy.dialects:postgres
[92mINFO [0m:      
[92mINFO [0m:      
[92mINFO [0m:      [RUN 15994887216917386584, ROUND 6]
[92mINFO [0m:      Sending: train message (ID: eb797e299cdb048e7937b4d38c4ba31d1d35605a7fc202c2fc02c8b1282daeeb)
[92mINFO [0m:      Sent successfully
